// Vitest Snapshot v1, https://vitest.dev/guide/snapshot.html

exports[`catalogue content > is exactly the games as published 1`] = `
[
  {
    "appId": "rocket-crew",
    "art": {
      "cover": "/art/rocket-crew/cover.jpg",
      "hero": "/art/rocket-crew/tv.jpg",
      "heroClean": "/art/rocket-crew/hero-clean.jpg",
      "icon": "/art/rocket-crew/icon.png",
      "logo": "/art/rocket-crew/logo.png",
      "safe": {
        "ox": 50,
        "oy": 100,
        "scale": 1.17,
      },
      "theme": "/art/rocket-crew/theme.mp3",
      "tile": "/art/rocket-crew/tv.jpg",
    },
    "instanceTtlMs": 604800000,
    "name": "Rocket Crew",
    "roles": [
      {
        "audience": "grownup",
        "id": "captain",
        "label": "Captain",
      },
      {
        "audience": "kid",
        "id": "fixer",
        "label": "Fixer",
      },
    ],
    "shape": "couch",
    "shop": {
      "ages": "4+",
      "minutes": [
        10,
        20,
      ],
      "players": "2",
    },
    "startUrl": "https://rocket-crew.jonathanrmumm.workers.dev/",
    "tagline": "Fly the rocket together: the Captain reads, the Fixer presses.",
    "tv": "required",
  },
  {
    "appId": "bake-shop",
    "art": {
      "cover": "/art/bake-shop/cover.jpg",
      "hero": "/art/bake-shop/alt.jpg",
      "heroClean": "/art/bake-shop/hero-clean.jpg",
      "icon": "/art/bake-shop/icon.png",
      "logo": "/art/bake-shop/logo.png",
      "safe": {
        "ox": 28,
        "oy": 100,
        "scale": 1.15,
      },
      "theme": "/art/bake-shop/theme.mp3",
      "tile": "/art/bake-shop/tv.jpg",
    },
    "instanceTtlMs": 604800000,
    "name": "Bake Shop",
    "roles": [
      {
        "audience": "grownup",
        "id": "grownup",
        "label": "Grown-up",
      },
      {
        "audience": "kid",
        "id": "baker",
        "label": "Baker",
      },
      {
        "audience": "little",
        "id": "sprinkler",
        "label": "Sprinkler",
      },
    ],
    "shape": "couch",
    "shop": {
      "ages": "2+",
      "minutes": [
        10,
        25,
      ],
      "players": "2-4",
    },
    "startUrl": "https://bake-shop.jonathanrmumm.workers.dev/",
    "tagline": "Animal customers, picture orders, a sprinkle of chaos.",
    "tv": "required",
  },
  {
    "appId": "story-nook",
    "art": {
      "cover": "/art/story-nook/cover.jpg",
      "hero": "/art/story-nook/journey.jpg",
      "heroClean": "/art/story-nook/hero-clean.jpg",
      "icon": "/art/story-nook/icon.png",
      "logo": "/art/story-nook/logo.png",
      "safe": {
        "ox": 50,
        "oy": 60,
        "scale": 1.04,
      },
      "theme": "/art/story-nook/theme.mp3",
      "tile": "/art/story-nook/tv.jpg",
    },
    "instanceTtlMs": 604800000,
    "name": "Story Nook",
    "roles": [
      {
        "audience": "grownup",
        "id": "grownup",
        "label": "Reader",
      },
      {
        "audience": "kid",
        "id": "kid",
        "label": "Kid",
      },
      {
        "audience": "little",
        "id": "little",
        "label": "Little one",
      },
    ],
    "shape": "couch",
    "shop": {
      "ages": "2+",
      "minutes": [
        10,
        20,
      ],
      "players": "2-4",
    },
    "startUrl": "https://story-nook.jonathanrmumm.workers.dev/",
    "tagline": "A bedtime pop-up storybook you read together.",
    "tv": "required",
  },
  {
    "appId": "peekaboo-garden",
    "art": {
      "cover": "/art/peekaboo-garden/cover.jpg",
      "hero": "/art/peekaboo-garden/tv.jpg",
      "heroClean": "/art/peekaboo-garden/hero-clean.jpg",
      "icon": "/art/peekaboo-garden/icon.png",
      "logo": "/art/peekaboo-garden/logo.png",
      "safe": {
        "ox": 50,
        "oy": 100,
        "scale": 1.13,
      },
      "theme": "/art/peekaboo-garden/theme.mp3",
      "tile": "/art/peekaboo-garden/tv.jpg",
    },
    "instanceTtlMs": 604800000,
    "name": "Peekaboo Garden",
    "roles": [
      {
        "audience": "grownup",
        "id": "grownup",
        "label": "Clue keeper",
      },
      {
        "audience": "kid",
        "id": "seeker",
        "label": "Seeker",
      },
      {
        "audience": "little",
        "id": "little",
        "label": "Little one",
      },
    ],
    "shape": "couch",
    "shop": {
      "ages": "2+",
      "minutes": [
        10,
        20,
      ],
      "players": "2-4",
    },
    "startUrl": "https://peekaboo-garden.jonathanrmumm.workers.dev/",
    "tagline": "Hide-and-seek in a garden: clues on the phone, a magnifier on the iPad.",
    "tv": "required",
  },
  {
    "appId": "night-flight",
    "art": {
      "cover": "/art/night-flight/cover.jpg",
      "hero": "/art/night-flight/tv.jpg",
      "heroClean": "/art/night-flight/hero-clean.jpg",
      "icon": "/art/night-flight/icon.png",
      "logo": "/art/night-flight/logo.png",
      "safe": {
        "ox": 46,
        "oy": 49,
        "scale": 1.85,
      },
      "theme": "/art/night-flight/theme.mp3",
      "tile": "/art/night-flight/tv.jpg",
    },
    "instanceTtlMs": 604800000,
    "multiCouch": true,
    "name": "Night Flight",
    "roles": [
      {
        "audience": "grownup",
        "id": "navigator",
        "label": "Navigator",
      },
      {
        "audience": "kid",
        "id": "pilot",
        "label": "Pilot",
      },
      {
        "audience": "little",
        "id": "little",
        "label": "Little one",
      },
    ],
    "shape": "couch",
    "shop": {
      "ages": "3+",
      "minutes": [
        10,
        20,
      ],
      "players": "2-4",
    },
    "startUrl": "https://night-flight.jonathanrmumm.workers.dev/",
    "tagline": "Fly through the night sky together.",
    "tv": "required",
  },
  {
    "appId": "trivia-jam",
    "art": {
      "cover": "/art/trivia-jam/cover.jpg",
      "hero": "/art/trivia-jam/tv.jpg",
      "heroClean": "/art/trivia-jam/hero-clean.jpg",
      "icon": "/art/trivia-jam/icon.png",
      "logo": "/art/trivia-jam/logo.png",
      "theme": "/art/trivia-jam/theme.mp3",
      "tile": "/art/trivia-jam/tv.jpg",
    },
    "instanceTtlMs": 604800000,
    "name": "Trivia Jam",
    "roles": [
      {
        "audience": "grownup",
        "id": "host",
        "label": "Quizmaster",
      },
      {
        "audience": "grownup",
        "id": "player",
        "label": "Player",
      },
    ],
    "shape": "couch",
    "shop": {
      "ages": "12+",
      "minutes": [
        10,
        25,
      ],
      "players": "2-10",
    },
    "startUrl": "https://triviajam.tv/",
    "tagline": "Every answer is a number. Closest guess wins, fastest breaks the tie.",
    "tv": "required",
  },
  {
    "appId": "codebreakers",
    "art": {
      "cover": "/art/codebreakers/cover.jpg",
      "hero": "/art/codebreakers/tv.jpg",
      "heroClean": "/art/codebreakers/hero-clean.jpg",
      "icon": "/art/codebreakers/icon.png",
      "logo": "/art/codebreakers/logo.png",
      "theme": "/art/codebreakers/theme.mp3",
      "tile": "/art/codebreakers/tv.jpg",
    },
    "instanceTtlMs": 604800000,
    "name": "Codebreakers",
    "roles": [
      {
        "audience": "grownup",
        "id": "keyholder",
        "label": "Keyholder",
      },
      {
        "audience": "grownup",
        "id": "codebreaker",
        "label": "Codebreaker",
      },
    ],
    "shape": "couch",
    "shop": {
      "ages": "12+",
      "minutes": [
        15,
        30,
      ],
      "players": "4-8",
    },
    "startUrl": "https://codebreakers.jonathanrmumm.workers.dev/",
    "tagline": "Two expeditions, one vault. One-word clues, twenty-five tablets, one curse.",
    "tv": "required",
  },
  {
    "appId": "little-vigilante",
    "art": {
      "cover": "/art/little-vigilante/cover.jpg",
      "hero": "/art/little-vigilante/tv.jpg",
      "heroClean": "/art/little-vigilante/hero-clean.jpg",
      "icon": "/art/little-vigilante/icon.png",
      "logo": "/art/little-vigilante/logo.png",
      "theme": "/art/little-vigilante/theme.mp3",
      "tile": "/art/little-vigilante/tv.jpg",
    },
    "instanceTtlMs": 604800000,
    "name": "Little Vigilante",
    "roles": [
      {
        "audience": "grownup",
        "id": "host",
        "label": "Host",
      },
      {
        "audience": "grownup",
        "id": "player",
        "label": "Townsperson",
      },
    ],
    "shape": "couch",
    "shop": {
      "ages": "10+",
      "minutes": [
        15,
        40,
      ],
      "players": "4-10",
    },
    "startUrl": "https://little-vigilante.jonathanrmumm.workers.dev/",
    "tagline": "One night, secret roles, and a town that has to guess who's behind the mask.",
    "tv": "required",
  },
  {
    "appId": "bobberbrook",
    "art": {
      "cover": "/art/bobberbrook/cover.jpg",
      "hero": "/art/bobberbrook/tv.jpg",
      "heroClean": "/art/bobberbrook/hero-clean.jpg",
      "icon": "/art/bobberbrook/icon.png",
      "logo": "/art/bobberbrook/logo.png",
      "tile": "/art/bobberbrook/tv.jpg",
    },
    "instanceTtlMs": 604800000,
    "name": "Bobberbrook",
    "roles": [
      {
        "audience": "grownup",
        "id": "host",
        "label": "Grown-up",
      },
      {
        "audience": "kid",
        "id": "fisher",
        "label": "Fisher",
      },
      {
        "audience": "little",
        "id": "little",
        "label": "Little fisher",
      },
    ],
    "shape": "couch",
    "shop": {
      "ages": "3+",
      "minutes": [
        10,
        40,
      ],
      "players": "1-4",
    },
    "startUrl": "https://bobberbrook.jonathanrmumm.workers.dev/",
    "tagline": "Run around a painted lake together, cast at the swirls and fill the family fish journal.",
    "tv": "required",
  },
  {
    "appId": "run-set-jimmy",
    "art": {
      "cover": "/art/run-set-jimmy/cover.jpg",
      "hero": "/art/run-set-jimmy/tv.jpg",
      "heroClean": "/art/run-set-jimmy/hero-clean.jpg",
      "icon": "/art/run-set-jimmy/icon.png",
      "logo": "/art/run-set-jimmy/logo.png",
      "theme": "/art/run-set-jimmy/theme.mp3",
      "tile": "/art/run-set-jimmy/tv.jpg",
    },
    "instanceTtlMs": 604800000,
    "multiCouch": true,
    "name": "Run Set Jimmy",
    "roles": [
      {
        "audience": "grownup",
        "id": "player",
        "label": "Player",
      },
    ],
    "shape": "couch",
    "shop": {
      "ages": "10+",
      "minutes": [
        45,
        90,
      ],
      "players": "3-7",
    },
    "startUrl": "https://run-set-jimmy.jonathanrmumm.workers.dev/",
    "tagline": "Seven rounds of runs and sets. Lowest score wins.",
    "tv": "required",
  },
  {
    "appId": "settlewood",
    "art": {
      "cover": "/art/settlewood/cover.jpg",
      "hero": "/art/settlewood/tv.jpg",
      "heroClean": "/art/settlewood/hero-clean.jpg",
      "icon": "/art/settlewood/icon.png",
      "logo": "/art/settlewood/logo.png",
      "tile": "/art/settlewood/tv.jpg",
    },
    "instanceTtlMs": 604800000,
    "name": "Settlewood",
    "roles": [
      {
        "audience": "grownup",
        "id": "settler",
        "label": "Settler",
      },
    ],
    "shape": "couch",
    "shop": {
      "ages": "10+",
      "minutes": [
        45,
        75,
      ],
      "players": "2-4",
    },
    "startUrl": "https://settlewood.jonathanrmumm.workers.dev/",
    "tagline": "Settle a living island. Trade wood for sheep. First to ten wins.",
    "tv": "required",
  },
  {
    "appId": "pocket-draft",
    "art": {
      "cover": "/art/pocket-draft/cover.jpg",
      "hero": "/art/pocket-draft/tv.jpg",
      "heroClean": "/art/pocket-draft/hero-clean.jpg",
      "icon": "/art/pocket-draft/icon.png",
      "logo": "/art/pocket-draft/logo.png",
      "theme": "/art/pocket-draft/theme.mp3",
      "tile": "/art/pocket-draft/tv.jpg",
    },
    "instanceTtlMs": 604800000,
    "multiCouch": true,
    "name": "Pocket Draft",
    "roles": [
      {
        "audience": "grownup",
        "id": "gm",
        "label": "GM",
      },
    ],
    "shape": "async",
    "shop": {
      "ages": "10+",
      "minutes": [
        20,
        60,
      ],
      "players": "2",
    },
    "startUrl": "https://pocket-draft-room.jonathanrmumm.workers.dev/",
    "tagline": "Bid on a football team, then watch it play.",
    "tv": "optional",
  },
]
`;
